---
source: execution-plan/src/tests.rs
expression: mem.debug_table(None)
---
┌──────┬──────────┬──────────────────────────────────────┐
│ addr │ val_type │ value                                │
├──────┼──────────┼──────────────────────────────────────┤
│ 0    │ Uuid     │ 4cd175a3-e313-4c91-b624-368bea3c0483 │
│ 1    │ Float    │ 400                                  │
│ 2    │ Bool     │ true                                 │
│ 3    │ String   │ Png                                  │
│ 4    │ Float    │ -200                                 │
│ 5    │ Float    │ -200                                 │
│ 6    │ Float    │ -200                                 │
│ 7    │ String   │ Line                                 │
│ 8    │ Float    │ 200                                  │
│ 9    │ Float    │ -200                                 │
│ 10   │ Float    │ -200                                 │
│ 11   │ Bool     │ false                                │
│ 12   │ String   │ Line                                 │
│ 13   │ Float    │ 200                                  │
│ 14   │ Float    │ 200                                  │
│ 15   │ Float    │ -200                                 │
│ 16   │ Bool     │ false                                │
│ 17   │ String   │ Line                                 │
│ 18   │ Float    │ -200                                 │
│ 19   │ Float    │ 200                                  │
│ 20   │ Float    │ -200                                 │
│ 21   │ Bool     │ false                                │
│ 22   │ String   │ Line                                 │
│ 23   │ Float    │ -200                                 │
│ 24   │ Float    │ -200                                 │
│ 25   │ Float    │ -200                                 │
│ 26   │ Bool     │ false                                │
│ 99   │ String   │ TakeSnapshot                         │
│ 100  │ Bytes    │                                      │
└──────┴──────────┴──────────────────────────────────────┘
